// Jest Snapshot v1, https://goo.gl/fbAQLP

exports[`Pruebas en el componente <GifItem/> debe de hacer match con el snapshot 1`] = `
<div>
  <div
    class="card"
  >
    <img
      alt="Saitam"
      src="https://one-punch.com/saitama.jpg"
    />
  </div>
</div>
`;
